============================= test session starts ==============================
platform linux -- Python 3.11.14, pytest-9.0.2, pluggy-1.6.0
rootdir: /home/runner/work/autofix-ci-ai/autofix-ci-ai
plugins: anyio-4.12.1
collected 2 items

tests/test_calc.py .F                                                    [100%]

=================================== FAILURES ===================================
________________________________ test_subtract _________________________________

    def test_subtract():
>       assert subtract(10, 5) == 5
E       assert 15 == 5
E        +  where 15 = subtract(10, 5)

tests/test_calc.py:10: AssertionError
=========================== short test summary info ============================
FAILED tests/test_calc.py::test_subtract - assert 15 == 5
 +  where 15 = subtract(10, 5)
========================= 1 failed, 1 passed in 0.03s ==========================
