CI Run started at Mon Feb 16 20:47:20 UTC 2026
-------------------------
=== Installing Dependencies ===
Collecting pytest (from -r requirements.txt (line 1))
  Downloading pytest-9.0.2-py3-none-any.whl.metadata (7.6 kB)
Collecting openai (from -r requirements.txt (line 2))
  Downloading openai-2.21.0-py3-none-any.whl.metadata (29 kB)
Collecting requests (from -r requirements.txt (line 3))
  Downloading requests-2.32.5-py3-none-any.whl.metadata (4.9 kB)
Collecting iniconfig>=1.0.1 (from pytest->-r requirements.txt (line 1))
  Downloading iniconfig-2.3.0-py3-none-any.whl.metadata (2.5 kB)
Collecting packaging>=22 (from pytest->-r requirements.txt (line 1))
  Downloading packaging-26.0-py3-none-any.whl.metadata (3.3 kB)
Collecting pluggy<2,>=1.5 (from pytest->-r requirements.txt (line 1))
  Downloading pluggy-1.6.0-py3-none-any.whl.metadata (4.8 kB)
Collecting pygments>=2.7.2 (from pytest->-r requirements.txt (line 1))
  Downloading pygments-2.19.2-py3-none-any.whl.metadata (2.5 kB)
Collecting anyio<5,>=3.5.0 (from openai->-r requirements.txt (line 2))
  Downloading anyio-4.12.1-py3-none-any.whl.metadata (4.3 kB)
Collecting distro<2,>=1.7.0 (from openai->-r requirements.txt (line 2))
  Downloading distro-1.9.0-py3-none-any.whl.metadata (6.8 kB)
Collecting httpx<1,>=0.23.0 (from openai->-r requirements.txt (line 2))
  Downloading httpx-0.28.1-py3-none-any.whl.metadata (7.1 kB)
Collecting jiter<1,>=0.10.0 (from openai->-r requirements.txt (line 2))
  Downloading jiter-0.13.0-cp311-cp311-manylinux_2_17_x86_64.manylinux2014_x86_64.whl.metadata (5.2 kB)
Collecting pydantic<3,>=1.9.0 (from openai->-r requirements.txt (line 2))
  Downloading pydantic-2.12.5-py3-none-any.whl.metadata (90 kB)
Collecting sniffio (from openai->-r requirements.txt (line 2))
  Downloading sniffio-1.3.1-py3-none-any.whl.metadata (3.9 kB)
Collecting tqdm>4 (from openai->-r requirements.txt (line 2))
  Downloading tqdm-4.67.3-py3-none-any.whl.metadata (57 kB)
Collecting typing-extensions<5,>=4.11 (from openai->-r requirements.txt (line 2))
  Downloading typing_extensions-4.15.0-py3-none-any.whl.metadata (3.3 kB)
Collecting idna>=2.8 (from anyio<5,>=3.5.0->openai->-r requirements.txt (line 2))
  Downloading idna-3.11-py3-none-any.whl.metadata (8.4 kB)
Collecting certifi (from httpx<1,>=0.23.0->openai->-r requirements.txt (line 2))
  Downloading certifi-2026.1.4-py3-none-any.whl.metadata (2.5 kB)
Collecting httpcore==1.* (from httpx<1,>=0.23.0->openai->-r requirements.txt (line 2))
  Downloading httpcore-1.0.9-py3-none-any.whl.metadata (21 kB)
Collecting h11>=0.16 (from httpcore==1.*->httpx<1,>=0.23.0->openai->-r requirements.txt (line 2))
  Downloading h11-0.16.0-py3-none-any.whl.metadata (8.3 kB)
Collecting annotated-types>=0.6.0 (from pydantic<3,>=1.9.0->openai->-r requirements.txt (line 2))
  Downloading annotated_types-0.7.0-py3-none-any.whl.metadata (15 kB)
Collecting pydantic-core==2.41.5 (from pydantic<3,>=1.9.0->openai->-r requirements.txt (line 2))
  Downloading pydantic_core-2.41.5-cp311-cp311-manylinux_2_17_x86_64.manylinux2014_x86_64.whl.metadata (7.3 kB)
Collecting typing-inspection>=0.4.2 (from pydantic<3,>=1.9.0->openai->-r requirements.txt (line 2))
  Downloading typing_inspection-0.4.2-py3-none-any.whl.metadata (2.6 kB)
Collecting charset_normalizer<4,>=2 (from requests->-r requirements.txt (line 3))
  Downloading charset_normalizer-3.4.4-cp311-cp311-manylinux2014_x86_64.manylinux_2_17_x86_64.manylinux_2_28_x86_64.whl.metadata (37 kB)
Collecting urllib3<3,>=1.21.1 (from requests->-r requirements.txt (line 3))
  Downloading urllib3-2.6.3-py3-none-any.whl.metadata (6.9 kB)
Downloading pytest-9.0.2-py3-none-any.whl (374 kB)
Downloading pluggy-1.6.0-py3-none-any.whl (20 kB)
Downloading openai-2.21.0-py3-none-any.whl (1.1 MB)
   ━━━━━━━━━━━━━━━━━━━━━━━━━━━━━━━━━━━━━━━━ 1.1/1.1 MB 111.4 MB/s  0:00:00
Downloading anyio-4.12.1-py3-none-any.whl (113 kB)
Downloading distro-1.9.0-py3-none-any.whl (20 kB)
Downloading httpx-0.28.1-py3-none-any.whl (73 kB)
Downloading httpcore-1.0.9-py3-none-any.whl (78 kB)
Downloading jiter-0.13.0-cp311-cp311-manylinux_2_17_x86_64.manylinux2014_x86_64.whl (362 kB)
Downloading pydantic-2.12.5-py3-none-any.whl (463 kB)
Downloading pydantic_core-2.41.5-cp311-cp311-manylinux_2_17_x86_64.manylinux2014_x86_64.whl (2.1 MB)
   ━━━━━━━━━━━━━━━━━━━━━━━━━━━━━━━━━━━━━━━━ 2.1/2.1 MB 113.8 MB/s  0:00:00
Downloading typing_extensions-4.15.0-py3-none-any.whl (44 kB)
Downloading requests-2.32.5-py3-none-any.whl (64 kB)
Downloading charset_normalizer-3.4.4-cp311-cp311-manylinux2014_x86_64.manylinux_2_17_x86_64.manylinux_2_28_x86_64.whl (151 kB)
Downloading idna-3.11-py3-none-any.whl (71 kB)
Downloading urllib3-2.6.3-py3-none-any.whl (131 kB)
Downloading annotated_types-0.7.0-py3-none-any.whl (13 kB)
Downloading certifi-2026.1.4-py3-none-any.whl (152 kB)
Downloading h11-0.16.0-py3-none-any.whl (37 kB)
Downloading iniconfig-2.3.0-py3-none-any.whl (7.5 kB)
Downloading packaging-26.0-py3-none-any.whl (74 kB)
Downloading pygments-2.19.2-py3-none-any.whl (1.2 MB)
   ━━━━━━━━━━━━━━━━━━━━━━━━━━━━━━━━━━━━━━━━ 1.2/1.2 MB 115.3 MB/s  0:00:00
Downloading tqdm-4.67.3-py3-none-any.whl (78 kB)
Downloading typing_inspection-0.4.2-py3-none-any.whl (14 kB)
Downloading sniffio-1.3.1-py3-none-any.whl (10 kB)
Installing collected packages: urllib3, typing-extensions, tqdm, sniffio, pygments, pluggy, packaging, jiter, iniconfig, idna, h11, distro, charset_normalizer, certifi, annotated-types, typing-inspection, requests, pytest, pydantic-core, httpcore, anyio, pydantic, httpx, openai

Successfully installed annotated-types-0.7.0 anyio-4.12.1 certifi-2026.1.4 charset_normalizer-3.4.4 distro-1.9.0 h11-0.16.0 httpcore-1.0.9 httpx-0.28.1 idna-3.11 iniconfig-2.3.0 jiter-0.13.0 openai-2.21.0 packaging-26.0 pluggy-1.6.0 pydantic-2.12.5 pydantic-core-2.41.5 pygments-2.19.2 pytest-9.0.2 requests-2.32.5 sniffio-1.3.1 tqdm-4.67.3 typing-extensions-4.15.0 typing-inspection-0.4.2 urllib3-2.6.3
=== Linting ===
/home/runner/work/_temp/7cff0396-15e9-45b4-9b1a-225bbd44f71b.sh: line 3: flake8: command not found
Linting failed
=== Running Tests ===
============================= test session starts ==============================
platform linux -- Python 3.11.14, pytest-9.0.2, pluggy-1.6.0
rootdir: /home/runner/work/autofix-ci-ai/autofix-ci-ai
plugins: anyio-4.12.1
collected 2 items

tests/test_calc.py ..                                                    [100%]

============================== 2 passed in 0.01s ===============================
